/dev/md0:
           Version : 1.2
     Creation Time : Fri Sep  9 01:14:10 2022
        Raid Level : raid6
        Array Size : 390472704 (372.38 GiB 399.84 GB)
     Used Dev Size : 97618176 (93.10 GiB 99.96 GB)
      Raid Devices : 6
     Total Devices : 6
       Persistence : Superblock is persistent

       Update Time : Fri Sep  9 01:22:28 2022
             State : active 
    Active Devices : 6
   Working Devices : 6
    Failed Devices : 0
     Spare Devices : 0

            Layout : left-symmetric
        Chunk Size : 64K

Consistency Policy : resync

              Name : bench:0  (local to host bench)
              UUID : 54c22054:a6256cbb:e2e59736:60ef948b
            Events : 18

    Number   Major   Minor   RaidDevice State
       0       8        1        0      active sync   /dev/sda1
       1       8       17        1      active sync   /dev/sdb1
       2       8       33        2      active sync   /dev/sdc1
       3       8       49        3      active sync   /dev/sdd1
       4       8       65        4      active sync   /dev/sde1
       5       8       81        5      active sync   /dev/sdf1
