/dev/md0:
           Version : 1.2
     Creation Time : Thu Sep  8 13:53:30 2022
        Raid Level : raid5
        Array Size : 488090880 (465.48 GiB 499.81 GB)
     Used Dev Size : 97618176 (93.10 GiB 99.96 GB)
      Raid Devices : 6
     Total Devices : 6
       Persistence : Superblock is persistent

       Update Time : Thu Sep  8 14:01:56 2022
             State : active 
    Active Devices : 6
   Working Devices : 6
    Failed Devices : 0
     Spare Devices : 0

            Layout : left-symmetric
        Chunk Size : 64K

Consistency Policy : resync

              Name : bench:0  (local to host bench)
              UUID : b68cf40c:64417b9e:c07d1d2d:9344b58b
            Events : 19

    Number   Major   Minor   RaidDevice State
       0       8        1        0      active sync   /dev/sda1
       1       8       17        1      active sync   /dev/sdb1
       2       8       33        2      active sync   /dev/sdc1
       3       8       49        3      active sync   /dev/sdd1
       4       8       65        4      active sync   /dev/sde1
       6       8       81        5      active sync   /dev/sdf1
