/dev/md0:
           Version : 1.2
     Creation Time : Thu Sep  8 04:05:51 2022
        Raid Level : raid10
        Array Size : 292854528 (279.29 GiB 299.88 GB)
     Used Dev Size : 97618176 (93.10 GiB 99.96 GB)
      Raid Devices : 6
     Total Devices : 6
       Persistence : Superblock is persistent

       Update Time : Thu Sep  8 04:30:31 2022
             State : active 
    Active Devices : 6
   Working Devices : 6
    Failed Devices : 0
     Spare Devices : 0

            Layout : near=2
        Chunk Size : 64K

Consistency Policy : resync

              Name : bench:0  (local to host bench)
              UUID : d47e39d3:0a1eb64f:9f5ac139:723f73c5
            Events : 18

    Number   Major   Minor   RaidDevice State
       0       8        1        0      active sync set-A   /dev/sda1
       1       8       17        1      active sync set-B   /dev/sdb1
       2       8       33        2      active sync set-A   /dev/sdc1
       3       8       49        3      active sync set-B   /dev/sdd1
       4       8       65        4      active sync set-A   /dev/sde1
       5       8       81        5      active sync set-B   /dev/sdf1
